
SQL*Loader: Release 11.2.0.1.0 - Production on Fri Jan 30 20:25:05 2026

Copyright (c) 1982, 2009, Oracle and/or its affiliates.  All rights reserved.

Control File:   erp_cust_az12.ctl
Data File:      F:/COURSES/DATABASE/sql-data-warehouse-project-main/sql-data-warehouse-project-main/datasets/source_erp/cust_az12.csv
  Bad File:     cust_az12.bad
  Discard File:  none specified
 
 (Allow all discards)

Number to load: ALL
Number to skip: 1
Errors allowed: 50
Bind array:     64 rows, maximum of 256000 bytes
Continuation:    none specified
Path used:      Conventional

Table ERP_CUST_AZ12, loaded from every logical record.
Insert option in effect for this table: TRUNCATE
TRAILING NULLCOLS option in effect

   Column Name                  Position   Len  Term Encl Datatype
------------------------------ ---------- ----- ---- ---- ---------------------
CID                                 FIRST     *   ,  O(") CHARACTER            
BDATE                                NEXT     *   ,  O(") DATE YYYY-MM-DD      
GEN                                  NEXT     *   ,  O(") CHARACTER            
    NULL if GEN = BLANKS


Table ERP_CUST_AZ12:
  18484 Rows successfully loaded.
  0 Rows not loaded due to data errors.
  0 Rows not loaded because all WHEN clauses were failed.
  0 Rows not loaded because all fields were null.


Space allocated for bind array:                  49536 bytes(64 rows)
Read   buffer bytes: 1048576

Total logical records skipped:          1
Total logical records read:         18484
Total logical records rejected:         0
Total logical records discarded:        0

Run began on Fri Jan 30 20:25:05 2026
Run ended on Fri Jan 30 20:25:06 2026

Elapsed time was:     00:00:00.46
CPU time was:         00:00:00.14
