
SQL*Loader: Release 11.2.0.1.0 - Production on Fri Jan 30 20:34:57 2026

Copyright (c) 1982, 2009, Oracle and/or its affiliates.  All rights reserved.

Control File:   erp_px_cat_g1v2.ctl
Data File:      F:/COURSES/DATABASE/sql-data-warehouse-project-main/sql-data-warehouse-project-main/datasets/source_erp/px_cat_g1v2.csv
  Bad File:     px_cat_g1v2.bad
  Discard File:  none specified
 
 (Allow all discards)

Number to load: ALL
Number to skip: 1
Errors allowed: 50
Bind array:     64 rows, maximum of 256000 bytes
Continuation:    none specified
Path used:      Conventional

Table ERP_PX_CAT_G1V2, loaded from every logical record.
Insert option in effect for this table: TRUNCATE

   Column Name                  Position   Len  Term Encl Datatype
------------------------------ ---------- ----- ---- ---- ---------------------
ID                                  FIRST     *   ,  O(") CHARACTER            
CAT                                  NEXT     *   ,  O(") CHARACTER            
SUBCAT                               NEXT     *   ,  O(") CHARACTER            
MAINTENANCE                          NEXT     *   ,  O(") CHARACTER            


Table ERP_PX_CAT_G1V2:
  37 Rows successfully loaded.
  0 Rows not loaded due to data errors.
  0 Rows not loaded because all WHEN clauses were failed.
  0 Rows not loaded because all fields were null.


Space allocated for bind array:                  66048 bytes(64 rows)
Read   buffer bytes: 1048576

Total logical records skipped:          1
Total logical records read:            37
Total logical records rejected:         0
Total logical records discarded:        0

Run began on Fri Jan 30 20:34:57 2026
Run ended on Fri Jan 30 20:34:57 2026

Elapsed time was:     00:00:00.14
CPU time was:         00:00:00.04
