
SQL*Loader: Release 11.2.0.1.0 - Production on Fri Jan 30 20:30:37 2026

Copyright (c) 1982, 2009, Oracle and/or its affiliates.  All rights reserved.

Control File:   erp_loc_a101.ctl
Data File:      F:/COURSES/DATABASE/sql-data-warehouse-project-main/sql-data-warehouse-project-main/datasets/source_erp/loc_a101.csv
  Bad File:     loc_a101.bad
  Discard File:  none specified
 
 (Allow all discards)

Number to load: ALL
Number to skip: 1
Errors allowed: 50
Bind array:     64 rows, maximum of 256000 bytes
Continuation:    none specified
Path used:      Conventional

Table ERP_LOC_A101, loaded from every logical record.
Insert option in effect for this table: TRUNCATE
TRAILING NULLCOLS option in effect

   Column Name                  Position   Len  Term Encl Datatype
------------------------------ ---------- ----- ---- ---- ---------------------
CID                                 FIRST     *   ,  O(") CHARACTER            
CNTRY                                NEXT     *   ,  O(") CHARACTER            
    NULL if CNTRY = BLANKS


Table ERP_LOC_A101:
  18484 Rows successfully loaded.
  0 Rows not loaded due to data errors.
  0 Rows not loaded because all WHEN clauses were failed.
  0 Rows not loaded because all fields were null.


Space allocated for bind array:                  33024 bytes(64 rows)
Read   buffer bytes: 1048576

Total logical records skipped:          1
Total logical records read:         18484
Total logical records rejected:         0
Total logical records discarded:        0

Run began on Fri Jan 30 20:30:37 2026
Run ended on Fri Jan 30 20:30:38 2026

Elapsed time was:     00:00:00.33
CPU time was:         00:00:00.08
