
SQL*Loader: Release 11.2.0.1.0 - Production on Fri Jan 30 20:11:47 2026

Copyright (c) 1982, 2009, Oracle and/or its affiliates.  All rights reserved.

Control File:   crm_sales_details.ctl
Data File:      F:/COURSES/DATABASE/sql-data-warehouse-project-main/sql-data-warehouse-project-main/datasets/source_crm/sales_details.csv
  Bad File:     sales_details.bad
  Discard File:  none specified
 
 (Allow all discards)

Number to load: ALL
Number to skip: 1
Errors allowed: 50
Bind array:     64 rows, maximum of 256000 bytes
Continuation:    none specified
Path used:      Conventional

Table CRM_SALES_DETAILS, loaded from every logical record.
Insert option in effect for this table: TRUNCATE
TRAILING NULLCOLS option in effect

   Column Name                  Position   Len  Term Encl Datatype
------------------------------ ---------- ----- ---- ---- ---------------------
SLS_ORD_NUM                         FIRST     *   ,  O(") CHARACTER            
SLS_PRD_KEY                          NEXT     *   ,  O(") CHARACTER            
SLS_CUST_ID                          NEXT     *   ,  O(") CHARACTER            
SLS_ORDER_DT                         NEXT     *   ,  O(") CHARACTER            
SLS_SHIP_DT                          NEXT     *   ,  O(") CHARACTER            
SLS_DUE_DT                           NEXT     *   ,  O(") CHARACTER            
SLS_SALES                            NEXT     *   ,  O(") CHARACTER            
SLS_QUANTITY                         NEXT     *   ,  O(") CHARACTER            
SLS_PRICE                            NEXT     *   ,  O(") CHARACTER            
    NULL if SLS_PRICE = BLANKS


Table CRM_SALES_DETAILS:
  60398 Rows successfully loaded.
  0 Rows not loaded due to data errors.
  0 Rows not loaded because all WHEN clauses were failed.
  0 Rows not loaded because all fields were null.


Space allocated for bind array:                 148608 bytes(64 rows)
Read   buffer bytes: 1048576

Total logical records skipped:          1
Total logical records read:         60398
Total logical records rejected:         0
Total logical records discarded:        0

Run began on Fri Jan 30 20:11:47 2026
Run ended on Fri Jan 30 20:11:51 2026

Elapsed time was:     00:00:03.68
CPU time was:         00:00:01.28
